  Determining projects to restore...
D:\repos\lusplit\src\LuSplit.App\LuSplit.App.csproj : warning NU1608: Detected package version outside of dependency constraint: Xamarin.AndroidX.Fragment.Ktx 1.8.8.1 requires Xamarin.AndroidX.Fragment (>= 1.8.8.1 && < 1.8.9) but version Xamarin.AndroidX.Fragment 1.8.9.1 was resolved.
D:\repos\lusplit\src\LuSplit.App\LuSplit.App.csproj : warning NU1608: Detected package version outside of dependency constraint: Xamarin.AndroidX.Activity.Ktx 1.10.1.3 requires Xamarin.AndroidX.Activity (>= 1.10.1.3 && < 1.10.2) but version Xamarin.AndroidX.Activity 1.12.2.1 was resolved.
D:\repos\lusplit\src\LuSplit.App\LuSplit.App.csproj : warning NU1608: Detected package version outside of dependency constraint: Xamarin.AndroidX.Lifecycle.ViewModel.Ktx 2.9.2.1 requires Xamarin.AndroidX.Lifecycle.ViewModel (>= 2.9.2.1 && < 2.9.3) but version Xamarin.AndroidX.Lifecycle.ViewModel 2.10.0.1 was resolved.
D:\repos\lusplit\src\LuSplit.App\LuSplit.App.csproj : warning NU1608: Detected package version outside of dependency constraint: Xamarin.AndroidX.SavedState.SavedState.Ktx 1.3.1.1 requires Xamarin.AndroidX.SavedState (>= 1.3.1.1 && < 1.3.2) but version Xamarin.AndroidX.SavedState 1.4.0.1 was resolved.
D:\repos\lusplit\src\LuSplit.App\LuSplit.App.csproj : warning NU1608: Detected package version outside of dependency constraint: Xamarin.AndroidX.Lifecycle.Runtime.Ktx.Android 2.9.2.1 requires Xamarin.AndroidX.Lifecycle.Runtime.Android (>= 2.9.2.1 && < 2.9.3) but version Xamarin.AndroidX.Lifecycle.Runtime.Android 2.10.0.1 was resolved.
D:\repos\lusplit\src\LuSplit.App\LuSplit.App.csproj : warning NU1608: Detected package version outside of dependency constraint: Xamarin.AndroidX.Lifecycle.Runtime.Ktx 2.9.2.1 requires Xamarin.AndroidX.Lifecycle.Runtime (>= 2.9.2.1 && < 2.9.3) but version Xamarin.AndroidX.Lifecycle.Runtime 2.10.0.1 was resolved.
D:\repos\lusplit\src\LuSplit.App\LuSplit.App.csproj : warning NU1608: Detected package version outside of dependency constraint: Xamarin.AndroidX.Lifecycle.Process 2.9.2.1 requires Xamarin.AndroidX.Lifecycle.Runtime (>= 2.9.2.1 && < 2.9.3) but version Xamarin.AndroidX.Lifecycle.Runtime 2.10.0.1 was resolved.
  All projects are up-to-date for restore.
D:\repos\lusplit\src\LuSplit.App\LuSplit.App.csproj : warning NU1608: Detected package version outside of dependency constraint: Xamarin.AndroidX.Fragment.Ktx 1.8.8.1 requires Xamarin.AndroidX.Fragment (>= 1.8.8.1 && < 1.8.9) but version Xamarin.AndroidX.Fragment 1.8.9.1 was resolved. [TargetFramework=net10.0-android]
D:\repos\lusplit\src\LuSplit.App\LuSplit.App.csproj : warning NU1608: Detected package version outside of dependency constraint: Xamarin.AndroidX.Activity.Ktx 1.10.1.3 requires Xamarin.AndroidX.Activity (>= 1.10.1.3 && < 1.10.2) but version Xamarin.AndroidX.Activity 1.12.2.1 was resolved. [TargetFramework=net10.0-android]
D:\repos\lusplit\src\LuSplit.App\LuSplit.App.csproj : warning NU1608: Detected package version outside of dependency constraint: Xamarin.AndroidX.Lifecycle.ViewModel.Ktx 2.9.2.1 requires Xamarin.AndroidX.Lifecycle.ViewModel (>= 2.9.2.1 && < 2.9.3) but version Xamarin.AndroidX.Lifecycle.ViewModel 2.10.0.1 was resolved. [TargetFramework=net10.0-android]
D:\repos\lusplit\src\LuSplit.App\LuSplit.App.csproj : warning NU1608: Detected package version outside of dependency constraint: Xamarin.AndroidX.SavedState.SavedState.Ktx 1.3.1.1 requires Xamarin.AndroidX.SavedState (>= 1.3.1.1 && < 1.3.2) but version Xamarin.AndroidX.SavedState 1.4.0.1 was resolved. [TargetFramework=net10.0-android]
D:\repos\lusplit\src\LuSplit.App\LuSplit.App.csproj : warning NU1608: Detected package version outside of dependency constraint: Xamarin.AndroidX.Lifecycle.Runtime.Ktx.Android 2.9.2.1 requires Xamarin.AndroidX.Lifecycle.Runtime.Android (>= 2.9.2.1 && < 2.9.3) but version Xamarin.AndroidX.Lifecycle.Runtime.Android 2.10.0.1 was resolved. [TargetFramework=net10.0-android]
D:\repos\lusplit\src\LuSplit.App\LuSplit.App.csproj : warning NU1608: Detected package version outside of dependency constraint: Xamarin.AndroidX.Lifecycle.Runtime.Ktx 2.9.2.1 requires Xamarin.AndroidX.Lifecycle.Runtime (>= 2.9.2.1 && < 2.9.3) but version Xamarin.AndroidX.Lifecycle.Runtime 2.10.0.1 was resolved. [TargetFramework=net10.0-android]
D:\repos\lusplit\src\LuSplit.App\LuSplit.App.csproj : warning NU1608: Detected package version outside of dependency constraint: Xamarin.AndroidX.Lifecycle.Process 2.9.2.1 requires Xamarin.AndroidX.Lifecycle.Runtime (>= 2.9.2.1 && < 2.9.3) but version Xamarin.AndroidX.Lifecycle.Runtime 2.10.0.1 was resolved. [TargetFramework=net10.0-android]
C:\Program Files\dotnet\packs\Microsoft.Android.Sdk.Windows\36.1.43\tools\Xamarin.Android.Common.targets(2850,2): error XARDF7024: System.IO.IOException: The process cannot access the file 'Java.Interop.dll' because it is being used by another process. [D:\repos\lusplit\src\LuSplit.App\LuSplit.App.csproj::TargetFramework=net10.0-android]
C:\Program Files\dotnet\packs\Microsoft.Android.Sdk.Windows\36.1.43\tools\Xamarin.Android.Common.targets(2850,2): error XARDF7024:    at System.IO.FileSystem.RemoveDirectoryRecursive(String fullPath, WIN32_FIND_DATA& findData, Boolean topLevel) [D:\repos\lusplit\src\LuSplit.App\LuSplit.App.csproj::TargetFramework=net10.0-android]
C:\Program Files\dotnet\packs\Microsoft.Android.Sdk.Windows\36.1.43\tools\Xamarin.Android.Common.targets(2850,2): error XARDF7024:    at System.IO.FileSystem.RemoveDirectory(String fullPath, Boolean recursive) [D:\repos\lusplit\src\LuSplit.App\LuSplit.App.csproj::TargetFramework=net10.0-android]
C:\Program Files\dotnet\packs\Microsoft.Android.Sdk.Windows\36.1.43\tools\Xamarin.Android.Common.targets(2850,2): error XARDF7024:    at Xamarin.Android.Tasks.RemoveDirFixed.RunTask() [D:\repos\lusplit\src\LuSplit.App\LuSplit.App.csproj::TargetFramework=net10.0-android]

Build FAILED.

D:\repos\lusplit\src\LuSplit.App\LuSplit.App.csproj : warning NU1608: Detected package version outside of dependency constraint: Xamarin.AndroidX.Fragment.Ktx 1.8.8.1 requires Xamarin.AndroidX.Fragment (>= 1.8.8.1 && < 1.8.9) but version Xamarin.AndroidX.Fragment 1.8.9.1 was resolved. [TargetFramework=net10.0-android]
D:\repos\lusplit\src\LuSplit.App\LuSplit.App.csproj : warning NU1608: Detected package version outside of dependency constraint: Xamarin.AndroidX.Activity.Ktx 1.10.1.3 requires Xamarin.AndroidX.Activity (>= 1.10.1.3 && < 1.10.2) but version Xamarin.AndroidX.Activity 1.12.2.1 was resolved. [TargetFramework=net10.0-android]
D:\repos\lusplit\src\LuSplit.App\LuSplit.App.csproj : warning NU1608: Detected package version outside of dependency constraint: Xamarin.AndroidX.Lifecycle.ViewModel.Ktx 2.9.2.1 requires Xamarin.AndroidX.Lifecycle.ViewModel (>= 2.9.2.1 && < 2.9.3) but version Xamarin.AndroidX.Lifecycle.ViewModel 2.10.0.1 was resolved. [TargetFramework=net10.0-android]
D:\repos\lusplit\src\LuSplit.App\LuSplit.App.csproj : warning NU1608: Detected package version outside of dependency constraint: Xamarin.AndroidX.SavedState.SavedState.Ktx 1.3.1.1 requires Xamarin.AndroidX.SavedState (>= 1.3.1.1 && < 1.3.2) but version Xamarin.AndroidX.SavedState 1.4.0.1 was resolved. [TargetFramework=net10.0-android]
D:\repos\lusplit\src\LuSplit.App\LuSplit.App.csproj : warning NU1608: Detected package version outside of dependency constraint: Xamarin.AndroidX.Lifecycle.Runtime.Ktx.Android 2.9.2.1 requires Xamarin.AndroidX.Lifecycle.Runtime.Android (>= 2.9.2.1 && < 2.9.3) but version Xamarin.AndroidX.Lifecycle.Runtime.Android 2.10.0.1 was resolved. [TargetFramework=net10.0-android]
D:\repos\lusplit\src\LuSplit.App\LuSplit.App.csproj : warning NU1608: Detected package version outside of dependency constraint: Xamarin.AndroidX.Lifecycle.Runtime.Ktx 2.9.2.1 requires Xamarin.AndroidX.Lifecycle.Runtime (>= 2.9.2.1 && < 2.9.3) but version Xamarin.AndroidX.Lifecycle.Runtime 2.10.0.1 was resolved. [TargetFramework=net10.0-android]
D:\repos\lusplit\src\LuSplit.App\LuSplit.App.csproj : warning NU1608: Detected package version outside of dependency constraint: Xamarin.AndroidX.Lifecycle.Process 2.9.2.1 requires Xamarin.AndroidX.Lifecycle.Runtime (>= 2.9.2.1 && < 2.9.3) but version Xamarin.AndroidX.Lifecycle.Runtime 2.10.0.1 was resolved. [TargetFramework=net10.0-android]
C:\Program Files\dotnet\packs\Microsoft.Android.Sdk.Windows\36.1.43\tools\Xamarin.Android.Common.targets(2850,2): error XARDF7024: System.IO.IOException: The process cannot access the file 'Java.Interop.dll' because it is being used by another process. [D:\repos\lusplit\src\LuSplit.App\LuSplit.App.csproj::TargetFramework=net10.0-android]
C:\Program Files\dotnet\packs\Microsoft.Android.Sdk.Windows\36.1.43\tools\Xamarin.Android.Common.targets(2850,2): error XARDF7024:    at System.IO.FileSystem.RemoveDirectoryRecursive(String fullPath, WIN32_FIND_DATA& findData, Boolean topLevel) [D:\repos\lusplit\src\LuSplit.App\LuSplit.App.csproj::TargetFramework=net10.0-android]
C:\Program Files\dotnet\packs\Microsoft.Android.Sdk.Windows\36.1.43\tools\Xamarin.Android.Common.targets(2850,2): error XARDF7024:    at System.IO.FileSystem.RemoveDirectory(String fullPath, Boolean recursive) [D:\repos\lusplit\src\LuSplit.App\LuSplit.App.csproj::TargetFramework=net10.0-android]
C:\Program Files\dotnet\packs\Microsoft.Android.Sdk.Windows\36.1.43\tools\Xamarin.Android.Common.targets(2850,2): error XARDF7024:    at Xamarin.Android.Tasks.RemoveDirFixed.RunTask() [D:\repos\lusplit\src\LuSplit.App\LuSplit.App.csproj::TargetFramework=net10.0-android]
    7 Warning(s)
    1 Error(s)

Time Elapsed 00:00:10.71
